[2026-07-15 12:13:53] === mt_pages_publish 启动 ===
HTML → /tmp/mt_pages_out.html
MD   → /tmp/mt_pages_out.md
[2026-07-15 12:14:20] 已推送 2026-07-15 12:14 → Pages 将刷新
[2026-07-15 12:15:17] === mt_pages_publish 启动 ===
HTML → /tmp/mt_pages_out.html
MD   → /tmp/mt_pages_out.md
[2026-07-15 12:15:45] 已推送 2026-07-15 12:15 → Pages 将刷新
[2026-07-15 14:30:01] === mt_pages_publish 启动 ===
HTML → /tmp/mt_pages_out.html
MD   → /tmp/mt_pages_out.md
[2026-07-15 14:30:28] 已推送 2026-07-15 14:30 → Pages 将刷新
[2026-07-16 10:30:01] === mt_pages_publish 启动 ===
HTML → /tmp/mt_pages_out.html
MD   → /tmp/mt_pages_out.md
[2026-07-16 10:30:27] 已推送 2026-07-16 10:30 → Pages 将刷新
[2026-07-16 14:30:01] === mt_pages_publish 启动 ===
HTML → /tmp/mt_pages_out.html
MD   → /tmp/mt_pages_out.md
[2026-07-16 14:30:28] 已推送 2026-07-16 14:30 → Pages 将刷新
[2026-07-16 15:15:36] === mt_pages_publish 启动 ===
HTML → /tmp/mt_pages_out.html
MD   → /tmp/mt_pages_out.md
[2026-07-16 15:16:10] 已推送 2026-07-16 15:16 → Pages 将刷新
[2026-07-16 15:36:16] === mt_pages_publish 启动 ===
HTML → /tmp/mt_pages_out.html
MD   → /tmp/mt_pages_out.md
[2026-07-16 15:36:53] 已推送 2026-07-16 15:36 → Pages 将刷新
[2026-07-16 16:04:34] === mt_pages_publish 启动 ===
HTML → /tmp/mt_pages_out.html
MD   → /tmp/mt_pages_out.md
[2026-07-16 16:04:58] 已推送 2026-07-16 16:04 → Pages 将刷新
[2026-07-16 16:55:04] === mt_pages_publish 启动 ===
HTML → /tmp/mt_pages_out.html
MD   → /tmp/mt_pages_out.md
[2026-07-16 16:55:27] 已推送 2026-07-16 16:55 → Pages 将刷新
[2026-07-17 09:40:01] === mt_pages_publish 启动 ===
HTML → /tmp/mt_pages_out.html
MD   → /tmp/mt_pages_out.md
[2026-07-17 09:40:25] 已推送 2026-07-17 09:40 → Pages 将刷新
[2026-07-17 10:00:01] === mt_pages_publish 启动 ===
HTML → /tmp/mt_pages_out.html
MD   → /tmp/mt_pages_out.md
fatal: unable to access 'https://github.com/lvgangfeng/mt-dashboard.git/': Recv failure: Operation timed out
[2026-07-17 10:01:35] push 失败(检查 gh/git 认证)
[2026-07-17 10:30:00] === mt_pages_publish 启动 ===
HTML → /tmp/mt_pages_out.html
MD   → /tmp/mt_pages_out.md
fatal: unable to access 'https://github.com/lvgangfeng/mt-dashboard.git/': Error in the HTTP2 framing layer
[2026-07-17 10:31:49] push 失败(检查 gh/git 认证)
[2026-07-17 11:31:00] === mt_pages_publish 启动 ===
HTML → /tmp/mt_pages_out.html
MD   → /tmp/mt_pages_out.md
fatal: unable to access 'https://github.com/lvgangfeng/mt-dashboard.git/': Recv failure: Operation timed out
[2026-07-17 11:32:31] push 失败(检查 gh/git 认证)
[2026-07-17 13:30:00] === mt_pages_publish 启动 ===
HTML → /tmp/mt_pages_out.html
MD   → /tmp/mt_pages_out.md
[2026-07-17 13:30:20] 已推送 2026-07-17 13:30 → Pages 将刷新
[2026-07-17 14:30:01] === mt_pages_publish 启动 ===
HTML → /tmp/mt_pages_out.html
MD   → /tmp/mt_pages_out.md
[2026-07-17 14:30:23] 已推送 2026-07-17 14:30 → Pages 将刷新
[2026-07-17 15:01:01] === mt_pages_publish 启动 ===
HTML → /tmp/mt_pages_out.html
MD   → /tmp/mt_pages_out.md
error: RPC failed; curl 28 Failed to connect to github.com port 443 after 75004 ms: Couldn't connect to server
send-pack: unexpected disconnect while reading sideband packet
fatal: the remote end hung up unexpectedly
[2026-07-17 15:03:40] push 失败(检查 gh/git 认证)
[2026-07-18 09:40:04] === mt_pages_publish 启动 ===
[2026-07-18 09:40:04] 非交易日/无当日数据，跳过
[2026-07-18 10:00:02] === mt_pages_publish 启动 ===
[2026-07-18 10:00:02] 非交易日/无当日数据，跳过
[2026-07-18 10:30:02] === mt_pages_publish 启动 ===
[2026-07-18 10:30:02] 非交易日/无当日数据，跳过
[2026-07-18 11:31:03] === mt_pages_publish 启动 ===
[2026-07-18 11:31:03] 非交易日/无当日数据，跳过
[2026-07-18 13:30:00] === mt_pages_publish 启动 ===
[2026-07-18 13:30:00] 非交易日/无当日数据，跳过
[2026-07-18 15:01:00] === mt_pages_publish 启动 ===
[2026-07-18 15:01:00] 非交易日/无当日数据，跳过
[2026-07-19 09:40:00] === mt_pages_publish 启动 ===
[2026-07-19 09:40:01] 非交易日/无当日数据，跳过
[2026-07-19 10:00:01] === mt_pages_publish 启动 ===
[2026-07-19 10:00:02] 非交易日/无当日数据，跳过
[2026-07-19 10:30:00] === mt_pages_publish 启动 ===
[2026-07-19 10:30:01] 非交易日/无当日数据，跳过
[2026-07-19 11:31:00] === mt_pages_publish 启动 ===
[2026-07-19 11:31:01] 非交易日/无当日数据，跳过
[2026-07-19 13:30:00] === mt_pages_publish 启动 ===
[2026-07-19 13:30:01] 非交易日/无当日数据，跳过
[2026-07-19 14:30:01] === mt_pages_publish 启动 ===
[2026-07-19 14:30:02] 非交易日/无当日数据，跳过
[2026-07-19 15:01:01] === mt_pages_publish 启动 ===
[2026-07-19 15:01:02] 非交易日/无当日数据，跳过
[2026-07-20 09:40:03] === mt_pages_publish 启动 ===
HTML → /tmp/mt_pages_out.html
MD   → /tmp/mt_pages_out.md
[2026-07-20 09:42:14] 已推送 2026-07-20 09:42 → Pages 将刷新
[2026-07-20 10:00:01] === mt_pages_publish 启动 ===
HTML → /tmp/mt_pages_out.html
MD   → /tmp/mt_pages_out.md
[2026-07-20 10:02:07] 已推送 2026-07-20 10:02 → Pages 将刷新
[2026-07-20 10:30:04] === mt_pages_publish 启动 ===
HTML → /tmp/mt_pages_out.html
MD   → /tmp/mt_pages_out.md
[2026-07-20 10:32:20] 已推送 2026-07-20 10:32 → Pages 将刷新
[2026-07-20 11:31:00] === mt_pages_publish 启动 ===
HTML → /tmp/mt_pages_out.html
MD   → /tmp/mt_pages_out.md
[2026-07-20 11:33:49] 已推送 2026-07-20 11:33 → Pages 将刷新
[2026-07-20 13:30:00] === mt_pages_publish 启动 ===
HTML → /tmp/mt_pages_out.html
MD   → /tmp/mt_pages_out.md
[2026-07-20 13:33:02] 已推送 2026-07-20 13:32 → Pages 将刷新
[2026-07-20 14:30:02] === mt_pages_publish 启动 ===
HTML → /tmp/mt_pages_out.html
MD   → /tmp/mt_pages_out.md
[2026-07-20 14:33:24] 已推送 2026-07-20 14:33 → Pages 将刷新
[2026-07-20 15:01:01] === mt_pages_publish 启动 ===
HTML → /tmp/mt_pages_out.html
MD   → /tmp/mt_pages_out.md
[2026-07-20 15:04:16] 已推送 2026-07-20 15:04 → Pages 将刷新
[2026-07-21 09:40:00] === mt_pages_publish 启动 ===
HTML → /tmp/mt_pages_out.html
MD   → /tmp/mt_pages_out.md
[2026-07-21 09:41:59] 已推送 2026-07-21 09:41 → Pages 将刷新
[2026-07-21 10:00:01] === mt_pages_publish 启动 ===
HTML → /tmp/mt_pages_out.html
MD   → /tmp/mt_pages_out.md
[2026-07-21 10:02:04] 已推送 2026-07-21 10:02 → Pages 将刷新
[2026-07-21 10:30:04] === mt_pages_publish 启动 ===
HTML → /tmp/mt_pages_out.html
MD   → /tmp/mt_pages_out.md
[2026-07-21 10:32:05] 已推送 2026-07-21 10:32 → Pages 将刷新
[2026-07-21 11:31:04] === mt_pages_publish 启动 ===
HTML → /tmp/mt_pages_out.html
MD   → /tmp/mt_pages_out.md
[2026-07-21 11:33:06] 已推送 2026-07-21 11:33 → Pages 将刷新
[2026-07-21 13:30:00] === mt_pages_publish 启动 ===
HTML → /tmp/mt_pages_out.html
MD   → /tmp/mt_pages_out.md
[2026-07-21 13:32:58] 已推送 2026-07-21 13:32 → Pages 将刷新
[2026-07-21 14:30:00] === mt_pages_publish 启动 ===
HTML → /tmp/mt_pages_out.html
MD   → /tmp/mt_pages_out.md
[2026-07-21 14:33:09] 已推送 2026-07-21 14:33 → Pages 将刷新
[2026-07-21 15:01:00] === mt_pages_publish 启动 ===
HTML → /tmp/mt_pages_out.html
MD   → /tmp/mt_pages_out.md
[2026-07-21 15:04:07] 已推送 2026-07-21 15:04 → Pages 将刷新
[2026-07-22 09:40:00] === mt_pages_publish 启动 ===
HTML → /tmp/mt_pages_out.html
MD   → /tmp/mt_pages_out.md
[2026-07-22 09:42:17] 已推送 2026-07-22 09:42 → Pages 将刷新
[2026-07-22 10:00:04] === mt_pages_publish 启动 ===
HTML → /tmp/mt_pages_out.html
MD   → /tmp/mt_pages_out.md
[2026-07-22 10:02:19] 已推送 2026-07-22 10:02 → Pages 将刷新
[2026-07-22 10:30:01] === mt_pages_publish 启动 ===
HTML → /tmp/mt_pages_out.html
MD   → /tmp/mt_pages_out.md
[2026-07-22 10:32:17] 已推送 2026-07-22 10:32 → Pages 将刷新
[2026-07-22 11:31:01] === mt_pages_publish 启动 ===
HTML → /tmp/mt_pages_out.html
MD   → /tmp/mt_pages_out.md
[2026-07-22 11:33:11] 已推送 2026-07-22 11:33 → Pages 将刷新
[2026-07-22 13:30:00] === mt_pages_publish 启动 ===
HTML → /tmp/mt_pages_out.html
MD   → /tmp/mt_pages_out.md
[2026-07-22 13:33:46] 已推送 2026-07-22 13:33 → Pages 将刷新
[2026-07-22 14:30:02] === mt_pages_publish 启动 ===
HTML → /tmp/mt_pages_out.html
MD   → /tmp/mt_pages_out.md
[2026-07-22 14:33:06] 已推送 2026-07-22 14:33 → Pages 将刷新
[2026-07-22 15:01:02] === mt_pages_publish 启动 ===
HTML → /tmp/mt_pages_out.html
MD   → /tmp/mt_pages_out.md
[2026-07-22 15:04:30] 已推送 2026-07-22 15:04 → Pages 将刷新
[2026-07-23 09:40:00] === mt_pages_publish 启动 ===
HTML → /tmp/mt_pages_out.html
MD   → /tmp/mt_pages_out.md
[2026-07-23 09:42:06] 已推送 2026-07-23 09:42 → Pages 将刷新
[2026-07-23 10:00:01] === mt_pages_publish 启动 ===
HTML → /tmp/mt_pages_out.html
MD   → /tmp/mt_pages_out.md
fatal: unable to access 'https://github.com/lvgangfeng/mt-dashboard.git/': Recv failure: Operation timed out
[2026-07-23 10:05:01] push 失败(检查 gh/git 认证)
[2026-07-23 10:30:00] === mt_pages_publish 启动 ===
HTML → /tmp/mt_pages_out.html
MD   → /tmp/mt_pages_out.md
fatal: unable to access 'https://github.com/lvgangfeng/mt-dashboard.git/': Recv failure: Operation timed out
[2026-07-23 10:33:12] push 失败(检查 gh/git 认证)
[2026-07-23 11:31:02] === mt_pages_publish 启动 ===
HTML → /tmp/mt_pages_out.html
MD   → /tmp/mt_pages_out.md
fatal: unable to access 'https://github.com/lvgangfeng/mt-dashboard.git/': Failed to connect to github.com port 443 after 75002 ms: Couldn't connect to server
[2026-07-23 11:37:40] push 失败(检查 gh/git 认证)
[2026-07-23 13:30:04] === mt_pages_publish 启动 ===
HTML → /tmp/mt_pages_out.html
MD   → /tmp/mt_pages_out.md
[2026-07-23 13:35:26] 已推送 2026-07-23 13:35 → Pages 将刷新
[2026-07-23 14:30:04] === mt_pages_publish 启动 ===
HTML → /tmp/mt_pages_out.html
MD   → /tmp/mt_pages_out.md
[2026-07-23 14:36:09] 已推送 2026-07-23 14:36 → Pages 将刷新
[2026-07-23 15:01:01] === mt_pages_publish 启动 ===
HTML → /tmp/mt_pages_out.html
MD   → /tmp/mt_pages_out.md
[2026-07-23 15:07:20] 已推送 2026-07-23 15:07 → Pages 将刷新
[2026-07-23 21:16:09] === mt_pages_publish 启动 ===
[2026-07-23 21:16:10] 非交易日/无当日数据，跳过
[2026-07-24 13:30:05] === mt_pages_publish 启动 ===
Traceback (most recent call last):
  File "/Library/Developer/CommandLineTools/Library/Frameworks/Python3.framework/Versions/3.9/lib/python3.9/urllib/request.py", line 1346, in do_open
    h.request(req.get_method(), req.selector, req.data, headers,
  File "/Library/Developer/CommandLineTools/Library/Frameworks/Python3.framework/Versions/3.9/lib/python3.9/http/client.py", line 1257, in request
    self._send_request(method, url, body, headers, encode_chunked)
  File "/Library/Developer/CommandLineTools/Library/Frameworks/Python3.framework/Versions/3.9/lib/python3.9/http/client.py", line 1303, in _send_request
    self.endheaders(body, encode_chunked=encode_chunked)
  File "/Library/Developer/CommandLineTools/Library/Frameworks/Python3.framework/Versions/3.9/lib/python3.9/http/client.py", line 1252, in endheaders
    self._send_output(message_body, encode_chunked=encode_chunked)
  File "/Library/Developer/CommandLineTools/Library/Frameworks/Python3.framework/Versions/3.9/lib/python3.9/http/client.py", line 1012, in _send_output
    self.send(msg)
  File "/Library/Developer/CommandLineTools/Library/Frameworks/Python3.framework/Versions/3.9/lib/python3.9/http/client.py", line 952, in send
    self.connect()
  File "/Library/Developer/CommandLineTools/Library/Frameworks/Python3.framework/Versions/3.9/lib/python3.9/http/client.py", line 923, in connect
    self.sock = self._create_connection(
  File "/Library/Developer/CommandLineTools/Library/Frameworks/Python3.framework/Versions/3.9/lib/python3.9/socket.py", line 843, in create_connection
    raise err
  File "/Library/Developer/CommandLineTools/Library/Frameworks/Python3.framework/Versions/3.9/lib/python3.9/socket.py", line 831, in create_connection
    sock.connect(sa)
ConnectionRefusedError: [Errno 61] Connection refused

During handling of the above exception, another exception occurred:

Traceback (most recent call last):
  File "<string>", line 1, in <module>
  File "/Library/Developer/CommandLineTools/Library/Frameworks/Python3.framework/Versions/3.9/lib/python3.9/urllib/request.py", line 214, in urlopen
    return opener.open(url, data, timeout)
  File "/Library/Developer/CommandLineTools/Library/Frameworks/Python3.framework/Versions/3.9/lib/python3.9/urllib/request.py", line 517, in open
    response = self._open(req, data)
  File "/Library/Developer/CommandLineTools/Library/Frameworks/Python3.framework/Versions/3.9/lib/python3.9/urllib/request.py", line 534, in _open
    result = self._call_chain(self.handle_open, protocol, protocol +
  File "/Library/Developer/CommandLineTools/Library/Frameworks/Python3.framework/Versions/3.9/lib/python3.9/urllib/request.py", line 494, in _call_chain
    result = func(*args)
  File "/Library/Developer/CommandLineTools/Library/Frameworks/Python3.framework/Versions/3.9/lib/python3.9/urllib/request.py", line 1375, in http_open
    return self.do_open(http.client.HTTPConnection, req)
  File "/Library/Developer/CommandLineTools/Library/Frameworks/Python3.framework/Versions/3.9/lib/python3.9/urllib/request.py", line 1349, in do_open
    raise URLError(err)
urllib.error.URLError: <urlopen error [Errno 61] Connection refused>
[2026-07-24 13:30:05] 非交易日/无当日数据，跳过
[2026-07-24 14:30:05] === mt_pages_publish 启动 ===
HTML → /tmp/mt_pages_out.html
MD   → /tmp/mt_pages_out.md
fatal: unable to access 'https://github.com/lvgangfeng/mt-dashboard.git/': Error in the HTTP2 framing layer
[2026-07-24 14:36:03] push 失败(检查 gh/git 认证)
[2026-07-24 03:03:55] === mt_pages_publish 启动 ===
HTML → /tmp/mt_pages_out.html
MD   → /tmp/mt_pages_out.md
[2026-07-24 03:04:34] 已推送 2026-07-24 03:04 → Pages 将刷新
[2026-07-24 15:10:03] === mt_pages_publish 启动 ===
HTML → /tmp/mt_pages_out.html
MD   → /tmp/mt_pages_out.md
[2026-07-24 15:10:25] 已推送 2026-07-24 15:10 → Pages 将刷新
[2026-07-24 03:11:20] === mt_pages_publish 启动 ===
[2026-07-24 03:13:59] === mt_pages_publish 启动 ===
HTML → /tmp/mt_pages_out.html
MD   → /tmp/mt_pages_out.md
[2026-07-24 03:14:40] ✅ 已推送 2026-07-24 03:14 并校验 remote==local(2f9edac4d3f18823b26490503dce51816c34e0c3) → Pages 将刷新
[2026-07-25 09:40:00] === mt_pages_publish 启动 ===
[2026-07-25 09:40:00] 非交易日/无当日数据，跳过
[2026-07-25 10:00:03] === mt_pages_publish 启动 ===
[2026-07-25 10:00:03] 非交易日/无当日数据，跳过
[2026-07-25 10:30:00] === mt_pages_publish 启动 ===
[2026-07-25 10:30:00] 非交易日/无当日数据，跳过
[2026-07-25 11:40:00] === mt_pages_publish 启动 ===
[2026-07-25 11:40:00] 非交易日/无当日数据，跳过
[2026-07-25 13:30:03] === mt_pages_publish 启动 ===
[2026-07-25 13:30:03] 非交易日/无当日数据，跳过
[2026-07-25 14:30:00] === mt_pages_publish 启动 ===
[2026-07-25 14:30:00] 非交易日/无当日数据，跳过
[2026-07-25 15:10:00] === mt_pages_publish 启动 ===
[2026-07-25 15:10:00] 非交易日/无当日数据，跳过
[2026-07-26 09:40:05] === mt_pages_publish 启动 ===
[2026-07-26 09:40:05] 非交易日/无当日数据，跳过
[2026-07-26 10:00:03] === mt_pages_publish 启动 ===
[2026-07-26 10:00:03] 非交易日/无当日数据，跳过
[2026-07-26 10:30:00] === mt_pages_publish 启动 ===
[2026-07-26 10:30:00] 非交易日/无当日数据，跳过
[2026-07-26 11:40:03] === mt_pages_publish 启动 ===
[2026-07-26 11:40:03] 非交易日/无当日数据，跳过
[2026-07-26 13:30:00] === mt_pages_publish 启动 ===
[2026-07-26 13:30:00] 非交易日/无当日数据，跳过
[2026-07-26 14:30:03] === mt_pages_publish 启动 ===
[2026-07-26 14:30:03] 非交易日/无当日数据，跳过
[2026-07-26 15:10:03] === mt_pages_publish 启动 ===
[2026-07-26 15:10:03] 非交易日/无当日数据，跳过
[2026-07-27 09:40:00] === mt_pages_publish 启动 ===
HTML → /tmp/mt_pages_out.html
MD   → /tmp/mt_pages_out.md
error: RPC failed; curl 28 Failed to connect to github.com port 443 after 75040 ms: Couldn't connect to server
send-pack: unexpected disconnect while reading sideband packet
fatal: the remote end hung up unexpectedly
[2026-07-27 09:43:55] push 第1次失败，切 HTTP/1.1 后重试
fatal: unable to access 'https://github.com/lvgangfeng/mt-dashboard.git/': Failed to connect to github.com port 443 after 75028 ms: Couldn't connect to server
[2026-07-27 09:45:14] push 第2次失败，切 HTTP/1.1 后重试
[2026-07-27 09:46:27] ✅ 已推送 2026-07-27 09:40 并校验 remote==local(00deb8eae50320ee6e429c5924c862429020945f) → Pages 将刷新
[2026-07-27 10:00:05] === mt_pages_publish 启动 ===
HTML → /tmp/mt_pages_out.html
MD   → /tmp/mt_pages_out.md
fatal: unable to access 'https://github.com/lvgangfeng/mt-dashboard.git/': Failed to connect to github.com port 443 after 75001 ms: Couldn't connect to server
[2026-07-27 10:02:20] push 第1次失败，切 HTTP/1.1 后重试
fatal: unable to access 'https://github.com/lvgangfeng/mt-dashboard.git/': Failed to connect to github.com port 443 after 75026 ms: Couldn't connect to server
[2026-07-27 10:03:38] push 第2次失败，切 HTTP/1.1 后重试
error: RPC failed; curl 52 Empty reply from server
send-pack: unexpected disconnect while reading sideband packet
fatal: the remote end hung up unexpectedly
[2026-07-27 10:08:26] push 第3次失败，切 HTTP/1.1 后重试
[2026-07-27 10:08:30] ⚠️ push 连试3次全失败(检查 gh/git 认证)——线上仍为旧版！
[2026-07-27 10:30:03] === mt_pages_publish 启动 ===
HTML → /tmp/mt_pages_out.html
MD   → /tmp/mt_pages_out.md
[2026-07-27 10:30:37] ✅ 已推送 2026-07-27 10:30 并校验 remote==local(a608d3b3053bf2c70673fbf0400608b83f7f872c) → Pages 将刷新
[2026-07-27 11:40:00] === mt_pages_publish 启动 ===
HTML → /tmp/mt_pages_out.html
MD   → /tmp/mt_pages_out.md
[2026-07-27 11:40:40] ✅ 已推送 2026-07-27 11:40 并校验 remote==local(23e2543c50bfcc5f99c0a9a1b12543b54fdc035d) → Pages 将刷新
[2026-07-27 13:30:01] === mt_pages_publish 启动 ===
HTML → /tmp/mt_pages_out.html
MD   → /tmp/mt_pages_out.md
[2026-07-27 13:30:32] ✅ 已推送 2026-07-27 13:30 并校验 remote==local(1a4da74c6be3cb805e387f00a592e4164df0cc5a) → Pages 将刷新
[2026-07-27 14:30:01] === mt_pages_publish 启动 ===
HTML → /tmp/mt_pages_out.html
MD   → /tmp/mt_pages_out.md
fatal: unable to access 'https://github.com/lvgangfeng/mt-dashboard.git/': Failed to connect to github.com port 443 after 75000 ms: Couldn't connect to server
[2026-07-27 14:32:17] push 第1次失败，切 HTTP/1.1 后重试
fatal: unable to access 'https://github.com/lvgangfeng/mt-dashboard.git/': Failed to connect to github.com port 443 after 75042 ms: Couldn't connect to server
[2026-07-27 14:33:35] push 第2次失败，切 HTTP/1.1 后重试
fatal: unable to access 'https://github.com/lvgangfeng/mt-dashboard.git/': Failed to connect to github.com port 443 after 75002 ms: Couldn't connect to server
[2026-07-27 14:35:24] push 第3次失败，切 HTTP/1.1 后重试
[2026-07-27 14:35:27] ⚠️ push 连试3次全失败(检查 gh/git 认证)——线上仍为旧版！
[2026-07-27 15:10:03] === mt_pages_publish 启动 ===
HTML → /tmp/mt_pages_out.html
MD   → /tmp/mt_pages_out.md
[2026-07-27 15:10:36] ✅ 已推送 2026-07-27 15:10 并校验 remote==local(8f1531eec0fe5511fef64aec4c603a7f77bf7de2) → Pages 将刷新
[2026-07-28 09:40:00] === mt_pages_publish 启动 ===
HTML → /tmp/mt_pages_out.html
MD   → /tmp/mt_pages_out.md
[2026-07-28 09:40:35] ✅ 已推送 2026-07-28 09:40 并校验 remote==local(10e86a2280760ca24f98b0e4ee2589d8fbe9793c) → Pages 将刷新
[2026-07-28 10:00:01] === mt_pages_publish 启动 ===
HTML → /tmp/mt_pages_out.html
MD   → /tmp/mt_pages_out.md
[2026-07-28 10:00:37] ✅ 已推送 2026-07-28 10:00 并校验 remote==local(c36573c9d3cfdca547e1c119a51bf0225d29e37d) → Pages 将刷新
[2026-07-28 10:30:01] === mt_pages_publish 启动 ===
HTML → /tmp/mt_pages_out.html
MD   → /tmp/mt_pages_out.md
[2026-07-28 10:30:34] ✅ 已推送 2026-07-28 10:30 并校验 remote==local(3b87948b939a1e1d6985b079ca1cfc895b350f1c) → Pages 将刷新
[2026-07-27 23:24:31] === mt_pages_publish 启动 ===
[2026-07-27 23:24:31] 非交易日/无当日数据，跳过
[2026-07-28 11:25:05] === mt_pages_publish 启动 ===
HTML → /tmp/mt_pages_out.html
MD   → /tmp/mt_pages_out.md
[2026-07-28 11:25:53] ✅ 已推送 2026-07-28 11:25 并校验 remote==local(a88df5084107706a4706a7813adc2b729699f4ec) → Pages 将刷新
[2026-07-28 11:40:00] === mt_pages_publish 启动 ===
HTML → /tmp/mt_pages_out.html
MD   → /tmp/mt_pages_out.md
[2026-07-28 11:40:34] ✅ 已推送 2026-07-28 11:40 并校验 remote==local(d5261bc00a01d40a6951b7e5463fc3f1b97a4068) → Pages 将刷新
[2026-07-28 13:30:00] === mt_pages_publish 启动 ===
HTML → /tmp/mt_pages_out.html
MD   → /tmp/mt_pages_out.md
error: RPC failed; curl 28 Failed to connect to github.com port 443 after 75042 ms: Couldn't connect to server
send-pack: unexpected disconnect while reading sideband packet
fatal: the remote end hung up unexpectedly
[2026-07-28 13:33:20] push 第1次失败，切 HTTP/1.1 后重试
fatal: unable to access 'https://github.com/lvgangfeng/mt-dashboard.git/': Failed to connect to github.com port 443 after 75030 ms: Couldn't connect to server
[2026-07-28 13:34:39] push 第2次失败，切 HTTP/1.1 后重试
[2026-07-28 13:35:20] ✅ 已推送 2026-07-28 13:30 并校验 remote==local(eb157ec68a7a23362b8b4c47e4678b2beffccdc4) → Pages 将刷新
[2026-07-28 14:30:03] === mt_pages_publish 启动 ===
HTML → /tmp/mt_pages_out.html
MD   → /tmp/mt_pages_out.md
fatal: unable to access 'https://github.com/lvgangfeng/mt-dashboard.git/': Recv failure: Operation timed out
[2026-07-28 14:31:40] push 第1次失败，切 HTTP/1.1 后重试
fatal: unable to access 'https://github.com/lvgangfeng/mt-dashboard.git/': Failed to connect to github.com port 443 after 75005 ms: Couldn't connect to server
[2026-07-28 14:34:04] push 第2次失败，切 HTTP/1.1 后重试
fatal: unable to access 'https://github.com/lvgangfeng/mt-dashboard.git/': Failed to connect to github.com port 443 after 75029 ms: Couldn't connect to server
[2026-07-28 14:35:22] push 第3次失败，切 HTTP/1.1 后重试
[2026-07-28 14:35:25] ⚠️ push 连试3次全失败(检查 gh/git 认证)——线上仍为旧版！
[2026-07-28 15:10:01] === mt_pages_publish 启动 ===
HTML → /tmp/mt_pages_out.html
MD   → /tmp/mt_pages_out.md
fatal: unable to access 'https://github.com/lvgangfeng/mt-dashboard.git/': Recv failure: Operation timed out
[2026-07-28 15:11:43] push 第1次失败，切 HTTP/1.1 后重试
fatal: unable to access 'https://github.com/lvgangfeng/mt-dashboard.git/': Empty reply from server
[2026-07-28 15:14:23] push 第2次失败，切 HTTP/1.1 后重试
[2026-07-28 15:14:30] ✅ 已推送 2026-07-28 15:10 并校验 remote==local(aa8fd11736225ab2959794223588cc44648a0561) → Pages 将刷新
[2026-07-29 09:40:04] === mt_pages_publish 启动 ===
Traceback (most recent call last):
  File "/Users/lv/astock_db/market_thermometer.py", line 785, in <module>
    data = compute_today(intraday=(sys.argv[1] == "intraday"))
  File "/Users/lv/astock_db/market_thermometer.py", line 701, in compute_today
    m = score_series(build_market_daily(since, con=con, today_df=today_df))
  File "/Users/lv/astock_db/market_thermometer.py", line 391, in score_series
    "涨跌停情绪": score_zdt(r["zt"], r["dt"], r["zb_rate"], None),
  File "/Users/lv/astock_db/market_thermometer.py", line 265, in score_zdt
    s_zb = _band(zb_rate, [0.15, 0.25, 0.35, 0.5], [100, 75, 50, 25, 0]) if zb_rate is not None else None
  File "/Users/lv/astock_db/market_thermometer.py", line 232, in _band
    if x < c:
  File "pandas/_libs/missing.pyx", line 392, in pandas._libs.missing.NAType.__bool__
TypeError: boolean value of NA is ambiguous
[2026-07-29 10:00:01] === mt_pages_publish 启动 ===
Traceback (most recent call last):
  File "/Users/lv/astock_db/market_thermometer.py", line 785, in <module>
    data = compute_today(intraday=(sys.argv[1] == "intraday"))
  File "/Users/lv/astock_db/market_thermometer.py", line 701, in compute_today
    m = score_series(build_market_daily(since, con=con, today_df=today_df))
  File "/Users/lv/astock_db/market_thermometer.py", line 391, in score_series
    "涨跌停情绪": score_zdt(r["zt"], r["dt"], r["zb_rate"], None),
  File "/Users/lv/astock_db/market_thermometer.py", line 265, in score_zdt
    s_zb = _band(zb_rate, [0.15, 0.25, 0.35, 0.5], [100, 75, 50, 25, 0]) if zb_rate is not None else None
  File "/Users/lv/astock_db/market_thermometer.py", line 232, in _band
    if x < c:
  File "pandas/_libs/missing.pyx", line 392, in pandas._libs.missing.NAType.__bool__
TypeError: boolean value of NA is ambiguous
[2026-07-29 10:30:00] === mt_pages_publish 启动 ===
Traceback (most recent call last):
  File "/Users/lv/astock_db/market_thermometer.py", line 785, in <module>
    data = compute_today(intraday=(sys.argv[1] == "intraday"))
  File "/Users/lv/astock_db/market_thermometer.py", line 701, in compute_today
    m = score_series(build_market_daily(since, con=con, today_df=today_df))
  File "/Users/lv/astock_db/market_thermometer.py", line 391, in score_series
    "涨跌停情绪": score_zdt(r["zt"], r["dt"], r["zb_rate"], None),
  File "/Users/lv/astock_db/market_thermometer.py", line 265, in score_zdt
    s_zb = _band(zb_rate, [0.15, 0.25, 0.35, 0.5], [100, 75, 50, 25, 0]) if zb_rate is not None else None
  File "/Users/lv/astock_db/market_thermometer.py", line 232, in _band
    if x < c:
  File "pandas/_libs/missing.pyx", line 392, in pandas._libs.missing.NAType.__bool__
TypeError: boolean value of NA is ambiguous
[2026-07-29 11:40:03] === mt_pages_publish 启动 ===
Traceback (most recent call last):
  File "/Users/lv/astock_db/market_thermometer.py", line 785, in <module>
    data = compute_today(intraday=(sys.argv[1] == "intraday"))
  File "/Users/lv/astock_db/market_thermometer.py", line 701, in compute_today
    m = score_series(build_market_daily(since, con=con, today_df=today_df))
  File "/Users/lv/astock_db/market_thermometer.py", line 391, in score_series
    "涨跌停情绪": score_zdt(r["zt"], r["dt"], r["zb_rate"], None),
  File "/Users/lv/astock_db/market_thermometer.py", line 265, in score_zdt
    s_zb = _band(zb_rate, [0.15, 0.25, 0.35, 0.5], [100, 75, 50, 25, 0]) if zb_rate is not None else None
  File "/Users/lv/astock_db/market_thermometer.py", line 232, in _band
    if x < c:
  File "pandas/_libs/missing.pyx", line 392, in pandas._libs.missing.NAType.__bool__
TypeError: boolean value of NA is ambiguous
[2026-07-29 12:10:40] === mt_pages_publish 启动 ===
HTML → /tmp/mt_pages_out.html
MD   → /tmp/mt_pages_out.md
[2026-07-29 12:11:33] ✅ 已推送 2026-07-29 12:11 并校验 remote==local(f7e207b1b3f0d3efdf6b8054209e3dbb9299f8d6) → Pages 将刷新
[2026-07-29 12:31:56] === mt_pages_publish 启动 ===
HTML → /tmp/mt_pages_out.html
MD   → /tmp/mt_pages_out.md
[2026-07-29 12:32:46] ✅ 已推送 2026-07-29 12:32 并校验 remote==local(68a2b9b1d669b5bb321a563a029c934b997e44e9) → Pages 将刷新
[2026-07-29 13:30:04] === mt_pages_publish 启动 ===
HTML → /tmp/mt_pages_out.html
MD   → /tmp/mt_pages_out.md
fatal: unable to access 'https://github.com/lvgangfeng/mt-dashboard.git/': Failed to connect to github.com port 443 after 75001 ms: Couldn't connect to server
[2026-07-29 13:32:15] push 第1次失败，切 HTTP/1.1 后重试
fatal: unable to access 'https://github.com/lvgangfeng/mt-dashboard.git/': Failed to connect to github.com port 443 after 75023 ms: Couldn't connect to server
[2026-07-29 13:33:34] push 第2次失败，切 HTTP/1.1 后重试
fatal: unable to access 'https://github.com/lvgangfeng/mt-dashboard.git/': Recv failure: Operation timed out
[2026-07-29 13:34:48] push 第3次失败，切 HTTP/1.1 后重试
[2026-07-29 13:34:51] ⚠️ push 连试3次全失败(检查 gh/git 认证)——线上仍为旧版！
[2026-07-29 14:30:00] === mt_pages_publish 启动 ===
HTML → /tmp/mt_pages_out.html
MD   → /tmp/mt_pages_out.md
[2026-07-29 14:30:31] ✅ 已推送 2026-07-29 14:30 并校验 remote==local(0bf8024321cdd7ed2b5c10cc742d90bde45ac33c) → Pages 将刷新
[2026-07-29 15:10:05] === mt_pages_publish 启动 ===
HTML → /tmp/mt_pages_out.html
MD   → /tmp/mt_pages_out.md
[2026-07-29 15:10:35] ✅ 已推送 2026-07-29 15:10 并校验 remote==local(7c94fe2b97885259ce5449658114f1f23ae00608) → Pages 将刷新
[2026-07-30 09:40:00] === mt_pages_publish 启动 ===
HTML → /tmp/mt_pages_out.html
MD   → /tmp/mt_pages_out.md
[2026-07-30 09:40:29] ✅ 已推送 2026-07-30 09:40 并校验 remote==local(add24abebbd156e13ab97b947c39e8391b8bfc57) → Pages 将刷新
[2026-07-30 10:00:01] === mt_pages_publish 启动 ===
HTML → /tmp/mt_pages_out.html
MD   → /tmp/mt_pages_out.md
fatal: unable to access 'https://github.com/lvgangfeng/mt-dashboard.git/': Recv failure: Operation timed out
[2026-07-30 10:01:44] push 第1次失败，切 HTTP/1.1 后重试
fatal: unable to access 'https://github.com/lvgangfeng/mt-dashboard.git/': Failed to connect to github.com port 443 after 75001 ms: Couldn't connect to server
[2026-07-30 10:03:33] push 第2次失败，切 HTTP/1.1 后重试
[2026-07-30 10:04:14] ✅ 已推送 2026-07-30 10:00 并校验 remote==local(ad9d25ac8e78ca925e39f1df79c3bdb070c845c8) → Pages 将刷新
[2026-07-30 10:30:00] === mt_pages_publish 启动 ===
HTML → /tmp/mt_pages_out.html
MD   → /tmp/mt_pages_out.md
[2026-07-30 10:30:30] ✅ 已推送 2026-07-30 10:30 并校验 remote==local(2ba48d7acb9c687b7053722f2860cd516b2eb325) → Pages 将刷新
[2026-07-30 11:40:00] === mt_pages_publish 启动 ===
HTML → /tmp/mt_pages_out.html
MD   → /tmp/mt_pages_out.md
[2026-07-30 11:40:29] ✅ 已推送 2026-07-30 11:40 并校验 remote==local(81cc093a4a0cc3e83bcd71f92cb5e1f025d36599) → Pages 将刷新
[2026-07-30 13:30:00] === mt_pages_publish 启动 ===
HTML → /tmp/mt_pages_out.html
MD   → /tmp/mt_pages_out.md
[2026-07-30 13:30:29] ✅ 已推送 2026-07-30 13:30 并校验 remote==local(8b51148b8fee5b0f195d25af85c70d9ec47b81fb) → Pages 将刷新
[2026-07-30 14:30:04] === mt_pages_publish 启动 ===
HTML → /tmp/mt_pages_out.html
MD   → /tmp/mt_pages_out.md
[2026-07-30 14:30:34] ✅ 已推送 2026-07-30 14:30 并校验 remote==local(f9c9611a809f6e19f33490c6e02535fcf9fcf9ea) → Pages 将刷新
[2026-07-30 15:10:00] === mt_pages_publish 启动 ===
HTML → /tmp/mt_pages_out.html
MD   → /tmp/mt_pages_out.md
[2026-07-30 15:10:29] ✅ 已推送 2026-07-30 15:10 并校验 remote==local(11763bdc06e4ab2b1a56a32ee31d9f87f393e000) → Pages 将刷新
[2026-07-31 09:40:04] === mt_pages_publish 启动 ===
HTML → /tmp/mt_pages_out.html
MD   → /tmp/mt_pages_out.md
[2026-07-31 09:40:34] ✅ 已推送 2026-07-31 09:40 并校验 remote==local(4ca58c168af45ea2f978a0783a440abf38233691) → Pages 将刷新
[2026-07-31 10:00:04] === mt_pages_publish 启动 ===
HTML → /tmp/mt_pages_out.html
MD   → /tmp/mt_pages_out.md
[2026-07-31 10:00:35] ✅ 已推送 2026-07-31 10:00 并校验 remote==local(b5f113de155a69aa52c8918fbb0fb87b2c36565f) → Pages 将刷新
[2026-07-31 10:30:03] === mt_pages_publish 启动 ===
HTML → /tmp/mt_pages_out.html
MD   → /tmp/mt_pages_out.md
[2026-07-31 10:30:31] ✅ 已推送 2026-07-31 10:30 并校验 remote==local(2a728e19366385f762ff49b44ef2c89417d5c618) → Pages 将刷新
[2026-07-31 11:40:01] === mt_pages_publish 启动 ===
HTML → /tmp/mt_pages_out.html
MD   → /tmp/mt_pages_out.md
fatal: unable to access 'https://github.com/lvgangfeng/mt-dashboard.git/': Failed to connect to github.com port 443 after 75002 ms: Couldn't connect to server
[2026-07-31 11:42:14] push 第1次失败，切 HTTP/1.1 后重试
fatal: unable to access 'https://github.com/lvgangfeng/mt-dashboard.git/': Failed to connect to github.com port 443 after 75002 ms: Couldn't connect to server
[2026-07-31 11:44:03] push 第2次失败，切 HTTP/1.1 后重试
fatal: unable to access 'https://github.com/lvgangfeng/mt-dashboard.git/': Failed to connect to github.com port 443 after 75032 ms: Couldn't connect to server
[2026-07-31 11:45:21] push 第3次失败，切 HTTP/1.1 后重试
[2026-07-31 11:45:24] ⚠️ push 连试3次全失败(检查 gh/git 认证)——线上仍为旧版！
[2026-07-31 13:30:02] === mt_pages_publish 启动 ===
HTML → /tmp/mt_pages_out.html
MD   → /tmp/mt_pages_out.md
fatal: unable to access 'https://github.com/lvgangfeng/mt-dashboard.git/': Failed to connect to github.com port 443 after 75001 ms: Couldn't connect to server
[2026-07-31 13:32:16] push 第1次失败，切 HTTP/1.1 后重试
fatal: unable to access 'https://github.com/lvgangfeng/mt-dashboard.git/': Failed to connect to github.com port 443 after 75001 ms: Couldn't connect to server
[2026-07-31 13:34:04] push 第2次失败，切 HTTP/1.1 后重试
fatal: unable to access 'https://github.com/lvgangfeng/mt-dashboard.git/': Failed to connect to github.com port 443 after 75045 ms: Couldn't connect to server
[2026-07-31 13:35:23] push 第3次失败，切 HTTP/1.1 后重试
[2026-07-31 13:35:26] ⚠️ push 连试3次全失败(检查 gh/git 认证)——线上仍为旧版！
[2026-07-31 14:30:04] === mt_pages_publish 启动 ===
HTML → /tmp/mt_pages_out.html
MD   → /tmp/mt_pages_out.md
fatal: unable to access 'https://github.com/lvgangfeng/mt-dashboard.git/': Failed to connect to github.com port 443 after 75000 ms: Couldn't connect to server
[2026-07-31 14:32:18] push 第1次失败，切 HTTP/1.1 后重试
fatal: unable to access 'https://github.com/lvgangfeng/mt-dashboard.git/': Recv failure: Operation timed out
[2026-07-31 14:34:13] push 第2次失败，切 HTTP/1.1 后重试
fatal: unable to access 'https://github.com/lvgangfeng/mt-dashboard.git/': Failed to connect to github.com port 443 after 75025 ms: Couldn't connect to server
[2026-07-31 14:35:31] push 第3次失败，切 HTTP/1.1 后重试
[2026-07-31 14:35:35] ⚠️ push 连试3次全失败(检查 gh/git 认证)——线上仍为旧版！
[2026-07-31 15:10:00] === mt_pages_publish 启动 ===
HTML → /tmp/mt_pages_out.html
MD   → /tmp/mt_pages_out.md
fatal: unable to access 'https://github.com/lvgangfeng/mt-dashboard.git/': Recv failure: Operation timed out
[2026-07-31 15:11:36] push 第1次失败，切 HTTP/1.1 后重试
fatal: unable to access 'https://github.com/lvgangfeng/mt-dashboard.git/': Failed to connect to github.com port 443 after 75003 ms: Couldn't connect to server
[2026-07-31 15:12:54] push 第2次失败，切 HTTP/1.1 后重试
fatal: unable to access 'https://github.com/lvgangfeng/mt-dashboard.git/': Failed to connect to github.com port 443 after 75071 ms: Couldn't connect to server
[2026-07-31 15:14:12] push 第3次失败，切 HTTP/1.1 后重试
[2026-07-31 15:14:16] ⚠️ push 连试3次全失败(检查 gh/git 认证)——线上仍为旧版！
[2026-08-01 09:40:01] === mt_pages_publish 启动 ===
[2026-08-01 09:40:01] 非交易日/无当日数据，跳过
[2026-08-01 10:00:04] === mt_pages_publish 启动 ===
[2026-08-01 10:00:04] 非交易日/无当日数据，跳过
[2026-08-01 10:30:04] === mt_pages_publish 启动 ===
[2026-08-01 10:30:04] 非交易日/无当日数据，跳过
[2026-08-01 11:40:01] === mt_pages_publish 启动 ===
[2026-08-01 11:40:01] 非交易日/无当日数据，跳过
[2026-08-01 13:30:04] === mt_pages_publish 启动 ===
[2026-08-01 13:30:04] 非交易日/无当日数据，跳过
[2026-08-01 14:30:04] === mt_pages_publish 启动 ===
[2026-08-01 14:30:04] 非交易日/无当日数据，跳过
[2026-08-01 15:10:05] === mt_pages_publish 启动 ===
[2026-08-01 15:10:05] 非交易日/无当日数据，跳过
[2026-08-02 09:40:02] === mt_pages_publish 启动 ===
[2026-08-02 09:40:02] 非交易日/无当日数据，跳过
[2026-08-02 10:00:04] === mt_pages_publish 启动 ===
[2026-08-02 10:00:04] 非交易日/无当日数据，跳过
[2026-08-02 10:30:04] === mt_pages_publish 启动 ===
[2026-08-02 10:30:04] 非交易日/无当日数据，跳过
[2026-08-02 11:40:04] === mt_pages_publish 启动 ===
[2026-08-02 11:40:04] 非交易日/无当日数据，跳过
[2026-08-02 13:30:04] === mt_pages_publish 启动 ===
[2026-08-02 13:30:04] 非交易日/无当日数据，跳过
[2026-08-02 14:30:04] === mt_pages_publish 启动 ===
[2026-08-02 14:30:04] 非交易日/无当日数据，跳过
[2026-08-02 15:10:04] === mt_pages_publish 启动 ===
[2026-08-02 15:10:04] 非交易日/无当日数据，跳过
[2026-08-03 09:40:01] === mt_pages_publish 启动 ===
HTML → /tmp/mt_pages_out.html
MD   → /tmp/mt_pages_out.md
[2026-08-03 09:40:26] ✅ 已推送 2026-08-03 09:40 并校验 remote==local(743462ea2b221eb57ce2418545b0211542b3abf5) → Pages 将刷新
[2026-08-03 10:00:01] === mt_pages_publish 启动 ===
HTML → /tmp/mt_pages_out.html
MD   → /tmp/mt_pages_out.md
[2026-08-03 10:00:32] ✅ 已推送 2026-08-03 10:00 并校验 remote==local(5387d57af7e89485823c48b0bd779b586004989b) → Pages 将刷新
[2026-08-03 10:30:02] === mt_pages_publish 启动 ===
HTML → /tmp/mt_pages_out.html
MD   → /tmp/mt_pages_out.md
[2026-08-03 10:30:33] ✅ 已推送 2026-08-03 10:30 并校验 remote==local(3e0d2ae71797966114dd64410792d528ab7c0aa6) → Pages 将刷新
[2026-08-03 11:40:04] === mt_pages_publish 启动 ===
HTML → /tmp/mt_pages_out.html
MD   → /tmp/mt_pages_out.md
[2026-08-03 11:40:44] ✅ 已推送 2026-08-03 11:40 并校验 remote==local(029b4c9afbdbe088e80743d511bfc70f32953c76) → Pages 将刷新
[2026-08-03 13:30:01] === mt_pages_publish 启动 ===
HTML → /tmp/mt_pages_out.html
MD   → /tmp/mt_pages_out.md
[2026-08-03 13:30:28] ✅ 已推送 2026-08-03 13:30 并校验 remote==local(a758c7e4503a150f6fc2db1a05ad75c931e74631) → Pages 将刷新
[2026-08-03 14:30:04] === mt_pages_publish 启动 ===
HTML → /tmp/mt_pages_out.html
MD   → /tmp/mt_pages_out.md
[2026-08-03 14:30:33] ✅ 已推送 2026-08-03 14:30 并校验 remote==local(0a74620cbc6a2433b734e47540bdadfba3c0a29d) → Pages 将刷新
[2026-08-03 15:10:00] === mt_pages_publish 启动 ===
HTML → /tmp/mt_pages_out.html
MD   → /tmp/mt_pages_out.md
fatal: unable to access 'https://github.com/lvgangfeng/mt-dashboard.git/': Recv failure: Operation timed out
[2026-08-03 15:11:33] push 第1次失败，切 HTTP/1.1 后重试
fatal: unable to access 'https://github.com/lvgangfeng/mt-dashboard.git/': Failed to connect to github.com port 443 after 75002 ms: Couldn't connect to server
[2026-08-03 15:13:25] push 第2次失败，切 HTTP/1.1 后重试
fatal: unable to access 'https://github.com/lvgangfeng/mt-dashboard.git/': Failed to connect to github.com port 443 after 75025 ms: Couldn't connect to server
[2026-08-03 15:14:43] push 第3次失败，切 HTTP/1.1 后重试
[2026-08-03 15:14:46] ⚠️ push 连试3次全失败(检查 gh/git 认证)——线上仍为旧版！
[2026-08-04 09:40:01] === mt_pages_publish 启动 ===
HTML → /tmp/mt_pages_out.html
MD   → /tmp/mt_pages_out.md
[2026-08-04 09:40:27] ✅ 已推送 2026-08-04 09:40 并校验 remote==local(d893e8079baa31ae65fcf4efdf01b11e03c2b514) → Pages 将刷新
[2026-08-04 10:00:01] === mt_pages_publish 启动 ===
HTML → /tmp/mt_pages_out.html
MD   → /tmp/mt_pages_out.md
[2026-08-04 10:00:32] ✅ 已推送 2026-08-04 10:00 并校验 remote==local(04a315a09fdc4620ab7753e19baee0574c659c73) → Pages 将刷新
[2026-08-04 10:30:00] === mt_pages_publish 启动 ===
HTML → /tmp/mt_pages_out.html
MD   → /tmp/mt_pages_out.md
[2026-08-04 10:30:28] ✅ 已推送 2026-08-04 10:30 并校验 remote==local(6b3bc8a2fd61730b6d54ac824c708c2fdc0a7851) → Pages 将刷新
[2026-08-04 11:40:00] === mt_pages_publish 启动 ===
HTML → /tmp/mt_pages_out.html
MD   → /tmp/mt_pages_out.md
fatal: unable to access 'https://github.com/lvgangfeng/mt-dashboard.git/': Recv failure: Operation timed out
[2026-08-04 11:41:45] push 第1次失败，切 HTTP/1.1 后重试
fatal: unable to access 'https://github.com/lvgangfeng/mt-dashboard.git/': Failed to connect to github.com port 443 after 75025 ms: Couldn't connect to server
[2026-08-04 11:43:03] push 第2次失败，切 HTTP/1.1 后重试
[2026-08-04 11:43:45] ✅ 已推送 2026-08-04 11:40 并校验 remote==local(86feeed77813296c992675b5fb2d026e2d7b438f) → Pages 将刷新
[2026-08-04 13:30:00] === mt_pages_publish 启动 ===
HTML → /tmp/mt_pages_out.html
MD   → /tmp/mt_pages_out.md
[2026-08-04 13:30:33] ✅ 已推送 2026-08-04 13:30 并校验 remote==local(cc3c86512824047a6d3f44abcfdf99817dc33d80) → Pages 将刷新
[2026-08-04 14:30:00] === mt_pages_publish 启动 ===
HTML → /tmp/mt_pages_out.html
MD   → /tmp/mt_pages_out.md
fatal: unable to access 'https://github.com/lvgangfeng/mt-dashboard.git/': Recv failure: Operation timed out
[2026-08-04 14:33:03] push 第1次失败，切 HTTP/1.1 后重试
fatal: unable to access 'https://github.com/lvgangfeng/mt-dashboard.git/': Failed to connect to github.com port 443 after 75003 ms: Couldn't connect to server
[2026-08-04 14:35:27] push 第2次失败，切 HTTP/1.1 后重试
fatal: unable to access 'https://github.com/lvgangfeng/mt-dashboard.git/': Failed to connect to github.com port 443 after 75033 ms: Couldn't connect to server
[2026-08-04 14:36:45] push 第3次失败，切 HTTP/1.1 后重试
[2026-08-04 14:36:48] ⚠️ push 连试3次全失败(检查 gh/git 认证)——线上仍为旧版！
[2026-08-04 15:10:02] === mt_pages_publish 启动 ===
HTML → /tmp/mt_pages_out.html
MD   → /tmp/mt_pages_out.md
