[2026-08-03 21:01:11] === wc_pages_publish 启动 ===
✅ /tmp/wc_pub.md + .json + .html

# 世界经济周期定位表 · 20260731

> 生成 2026-08-04 09:01 (Asia/Shanghai) · 数据日 20260731 · 引擎 world_cycle v0.1

> 慢层锚(L1-L3)更新于 2026-08-02,下次复核 2026-11-01。康波/达里奥属争议理论,只作战略锚。

> 📊 在线看板(自动刷新·公开): https://lvgangfeng.github.io/mt-dashboard/world-cycle.html


## 定位表(六层读数)

| 层级 | 周期 | 当前阶段 | 方向 | 置信度 | 频率 | 策略含义 |
|---|---|---|:--:|---|:--:|---|
| L1 | 康波长波 | 萧条末期(冬)→回升(春)临界 | ↗ | 低(争议理论) | 季度 | 战略布局AI硬科技;黄金/红利防御打底 |
| L1 | 达里奥债务大周期 | 长债周期·去杠杆未完成 | → | 中 | 季度 | 关注货币化去杠杆节奏;黄金对冲货币贬值 |
| L1 | 地产库兹涅茨 | 地产长周期·下行尾段 | ↘ | 中 | 季度 | 禁区:系统性低配地产链;接受低利率常态 |
| L2★ | 货币信用(一级方向闸) | 紧货币紧信用·滞胀衰退(M2同比8.0%[前8.6] × 社融TTM同比-3.2%[202604]) | ↓ | 🟢自动 | 月 | 偏空防御·现金/红利/黄金 |
| L2 | 全球流动性(Howell) | 投机晚期·下行(65月周期) | ↘ | 中 | 季度 | 仓位天花板下压一档;偏防御 |
| L2 | 朱格拉产能 | 产能周期·上行期 | ↗ | 中 | 月 | 利中游制造/设备 |
| L3 | 库存/基钦 | 补库/需求回暖(PPI同比4.1%↑·PPI代理) | ↑ | 🟢自动 | 月 | 利中游制造+上游资源 |
| L3 | 美林时钟 | 滞胀(增长↓·PMI49.2[2026年07月份] × 通胀↑·CPI1.0%/PPI4.1%) | ↓ | 🟢自动 | 月 | 现金为王;必需消费/公用/资源红利 |
| L4 | A股顶底估值 | 估值温度 57.0/100(高=贵) · PE分位66.2%/PB分位49.8%/破净率7.9% | — | 高 | 日🟢 | 位置(实时算) |
| **L4★** | **风格比值 创业板/红利** | 比值0.6004 · 近3年分位**89.3%**(全样本87.2%) · 高分位·成长过热 | ↕ | 高 | 日🟢 | 减创业板、切中证红利避险(成长↔红利切防御) |
| L5 | A股情绪(温度计) | 情绪分 44.1/100 · 分歧/结构日 · 方向-1 | — | 高 | 日🟢 | 仓位天花板 1~3成 |

## ⬇ 综合裁决

| 综合位置 | 仓位天花板 | 风格开关 | 行业主线 | 避险预案 |
|---|---|---|---|---|
| 康波萧条末期(冬)→回升(春)临界 × 地产下行尾 × 货币信用↓ × 美林滞胀 × A股估值温度57.0 × 情绪分歧/结构日 | 1~3成 (全球流动性下行·再下压1档) | 成长↔红利:减创业板、切中证红利避险(成长↔红利切防御) | 偏空防御·现金/红利/黄金;禁区:低配地产链 | 无系统性危机·结构性磨底 → 底仓:高股息×低波双筛:公用事业(电/水/燃气)、银行、交运、煤炭/油气/有色资源红利、黄金股 |

## 机构板块配置拥挤度(公募·20260630·34季历史分位)

> 配置比例=公募重仓中该产业链市值÷公募全部重仓市值;**历史分位高=超配拥挤(预期已price-in/顶部风险),低=低配(预期差/潜在机会)**。口径B·季度频·卡点产业链(rot_node_constituents)。

**🔴 超配拥挤 TOP(分位高·警惕price-in)**

| 产业链 | 配置比例% | 历史分位% |
|---|--:|--:|
| AI硬件卡口地图 | 41.97 | 100 |
| AI端侧与消费电子产业链 | 7.27 | 100 |
| AI算力产业链 | 29.02 | 100 |
| EDA与芯片IP产业链 | 14.54 | 100 |
| PCB产业链 | 13.72 | 100 |
| 光模块与光通信产业链 | 20.36 | 100 |

**🟢 低配 BOTTOM(分位低·预期差候选)**

| 产业链 | 配置比例% | 历史分位% |
|---|--:|--:|
| 低空经济产业链 | 2.97 | 3 |
| 合成生物学产业链 | 0.62 | 3 |
| 电网设备与特高压产业链 | 2.7 | 3 |
| 稳定币与RWA数字货币产业链 | 2.91 | 3 |
| 高端医疗器械产业链 | 0.51 | 3 |
| 创新消费产业链 | 0.62 | 6 |

## 附注与口径

- **风格比值口径**: 用创业板指÷中证红利指的**近3年滚动分位**(≥70%切红利避险/≤30%抄创业板),非固定0.3/0.7绝对值(源头视频用绝对值,已按滚动分位修正)。取数源: cache。
- **两融**: 采用最后完整日 20260731 余额 25625亿(环比+47亿)——最新日常仅半载,已自动跳过。
- **地量**: 成交额 24818亿 / 近1年峰值 39408亿 = 63.0%(<40%才算地量区)。
- **北向**: fund_inflow 2024-08起披露收紧·暂缺(降权)。
- **慢层(L1-L3)** 为季度人工研判锚,改判改 `world_cycle_anchors.json`;康波/达里奥是战略钝感锚,不精确择时、不单独触发买卖。
- **仓位天花板**取自市场温度计情绪闸,本表只叠加宏观修正;与顶底估值层解耦互验,背离点最需警惕。
[main 8b93ae5] world-cycle 2026-08-03 21:01:51
 1 file changed, 87 insertions(+)
 create mode 100644 world-cycle.html
To https://github.com/lvgangfeng/mt-dashboard.git
   0a74620..8b93ae5  HEAD -> main
[2026-08-03 21:01:55] OK=1 local=8b93ae5a47e3535dd68b70a628a2bb5cdabbe078 remote=8b93ae5a47e3535dd68b70a628a2bb5cdabbe078
[2026-08-05 21:13:09] === wc_pages_publish 启动 ===
✅ /tmp/wc_pub.md + .json + .html

# 世界经济周期定位表 · 20260731

> 生成 2026-08-06 09:13 (Asia/Shanghai) · 数据日 20260731 · 引擎 world_cycle v0.1

> 慢层锚(L1-L3)更新于 2026-08-02,下次复核 2026-11-01。康波/达里奥属争议理论,只作战略锚。

> 📊 在线看板(自动刷新·公开): https://lvgangfeng.github.io/mt-dashboard/world-cycle.html


## 定位表(六层读数)

| 层级 | 周期 | 当前阶段 | 方向 | 置信度 | 频率 | 策略含义 |
|---|---|---|:--:|---|:--:|---|
| L1 | 康波长波 | 萧条末期(冬)→回升(春)临界 | ↗ | 低(争议理论) | 季度 | 战略布局AI硬科技;黄金/红利防御打底 |
| L1 | 达里奥债务大周期 | 长债周期·去杠杆未完成 | → | 中 | 季度 | 关注货币化去杠杆节奏;黄金对冲货币贬值 |
| L1 | 地产库兹涅茨 | 地产长周期·下行尾段 | ↘ | 中 | 季度 | 禁区:系统性低配地产链;接受低利率常态 |
| L2★ | 货币信用(一级方向闸) | 紧货币紧信用·滞胀衰退(M2同比8.0%[前8.6] × 社融TTM同比-3.2%[202604]) | ↓ | 🟡缓存 | 月 | 偏空防御·现金/红利/黄金 |
| L2 | 全球流动性(Howell) | 投机晚期·下行(65月周期) | ↘ | 中 | 季度 | 仓位天花板下压一档;偏防御 |
| L2 | 朱格拉产能 | 产能周期·上行期 | ↗ | 中 | 月 | 利中游制造/设备 |
| L3 | 库存/基钦 | 补库/需求回暖(PPI同比4.1%↑·PPI代理) | ↑ | 🟡缓存 | 月 | 利中游制造+上游资源 |
| L3 | 美林时钟 | 滞胀(增长↓·PMI49.2[2026年07月份] × 通胀↑·CPI1.0%/PPI4.1%) | ↓ | 🟡缓存 | 月 | 现金为王;必需消费/公用/资源红利 |
| L4 | A股顶底估值 | 估值温度 57.0/100(高=贵) · PE分位66.2%/PB分位49.8%/破净率8.0% | — | 高 | 日🟢 | 位置(实时算) |
| **L4★** | **风格比值 创业板/红利** | 比值0.6004 · 近3年分位**89.3%**(全样本87.2%) · 高分位·成长过热 | ↕ | 高 | 日🟢 | 减创业板、切中证红利避险(成长↔红利切防御) |
| L5 | A股情绪(温度计) | 情绪分 56.4/100 · 震荡分歧期 · 方向0 | — | 高 | 日🟢 | 仓位天花板 2~3成 |

## ⬇ 综合裁决

| 综合位置 | 仓位天花板 | 风格开关 | 行业主线 | 避险预案 |
|---|---|---|---|---|
| 康波萧条末期(冬)→回升(春)临界 × 地产下行尾 × 货币信用↓ × 美林滞胀 × A股估值温度57.0 × 情绪震荡分歧期 | 2~3成 (全球流动性下行·再下压1档) | 成长↔红利:减创业板、切中证红利避险(成长↔红利切防御) | 偏空防御·现金/红利/黄金;禁区:低配地产链 | 无系统性危机·结构性磨底 → 底仓:高股息×低波双筛:公用事业(电/水/燃气)、银行、交运、煤炭/油气/有色资源红利、黄金股 |

## 机构板块配置拥挤度(公募·20260630·34季历史分位)

> 配置比例=公募重仓中该产业链市值÷公募全部重仓市值;**历史分位高=超配拥挤(预期已price-in/顶部风险),低=低配(预期差/潜在机会)**。口径B·季度频·卡点产业链(rot_node_constituents)。

**🔴 超配拥挤 TOP(分位高·警惕price-in)**

| 产业链 | 配置比例% | 历史分位% |
|---|--:|--:|
| AI硬件卡口地图 | 41.97 | 100 |
| AI端侧与消费电子产业链 | 7.27 | 100 |
| AI算力产业链 | 29.02 | 100 |
| EDA与芯片IP产业链 | 14.54 | 100 |
| PCB产业链 | 13.72 | 100 |
| 光模块与光通信产业链 | 20.36 | 100 |

**🟢 低配 BOTTOM(分位低·预期差候选)**

| 产业链 | 配置比例% | 历史分位% |
|---|--:|--:|
| 低空经济产业链 | 2.97 | 3 |
| 合成生物学产业链 | 0.62 | 3 |
| 电网设备与特高压产业链 | 2.7 | 3 |
| 稳定币与RWA数字货币产业链 | 2.91 | 3 |
| 高端医疗器械产业链 | 0.51 | 3 |
| 创新消费产业链 | 0.62 | 6 |

## 附注与口径

- **风格比值口径**: 用创业板指÷中证红利指的**近3年滚动分位**(≥70%切红利避险/≤30%抄创业板),非固定0.3/0.7绝对值(源头视频用绝对值,已按滚动分位修正)。取数源: cache。
- **两融**: 采用最后完整日 20260804 余额 25657亿(环比+120亿)——最新日常仅半载,已自动跳过。
- **地量**: 成交额 24818亿 / 近1年峰值 39408亿 = 63.0%(<40%才算地量区)。
- **北向**: fund_inflow 2024-08起披露收紧·暂缺(降权)。
- **慢层(L1-L3)** 为季度人工研判锚,改判改 `world_cycle_anchors.json`;康波/达里奥是战略钝感锚,不精确择时、不单独触发买卖。
- **仓位天花板**取自市场温度计情绪闸,本表只叠加宏观修正;与顶底估值层解耦互验,背离点最需警惕。
[main 46d59ec] world-cycle 2026-08-05 21:13:55
 1 file changed, 7 insertions(+), 7 deletions(-)
To https://github.com/lvgangfeng/mt-dashboard.git
   ffa111b..46d59ec  HEAD -> main
[2026-08-05 21:13:59] OK=1 local=46d59ec330069ada54b134f566c4c424b34fe3af remote=46d59ec330069ada54b134f566c4c424b34fe3af
